192.168.1.100 - - [10/Oct/2024:10:00:00 +0000] "GET /index.html HTTP/1.1" 200
192.168.1.100 - - [10/Oct/2024:10:00:01 +0000] "GET /home HTTP/1.1" 200
192.168.1.100 - - [10/Oct/2024:10:00:02 +0000] "GET /about HTTP/1.1" 200
10.0.0.5 - - [10/Oct/2024:10:00:03 +0000] "POST /login HTTP/1.1" 401
10.0.0.5 - - [10/Oct/2024:10:00:04 +0000] "POST /login HTTP/1.1" 401
10.0.0.5 - - [10/Oct/2024:10:00:05 +0000] "POST /login HTTP/1.1" 401
10.0.0.5 - - [10/Oct/2024:10:00:06 +0000] "POST /login HTTP/1.1" 401
10.0.0.5 - - [10/Oct/2024:10:00:07 +0000] "POST /login HTTP/1.1" 401
10.0.0.5 - - [10/Oct/2024:10:00:08 +0000] "POST /login HTTP/1.1" 401
10.0.0.5 - - [10/Oct/2024:10:00:09 +0000] "POST /login HTTP/1.1" 401
10.0.0.5 - - [10/Oct/2024:10:00:10 +0000] "POST /login HTTP/1.1" 401
10.0.0.5 - - [10/Oct/2024:10:00:11 +0000] "POST /login HTTP/1.1" 401
10.0.0.5 - - [10/Oct/2024:10:00:12 +0000] "POST /login HTTP/1.1" 401
10.0.0.5 - - [10/Oct/2024:10:00:13 +0000] "POST /login HTTP/1.1" 401
10.0.0.5 - - [10/Oct/2024:10:00:14 +0000] "POST /login HTTP/1.1" 401
10.0.0.5 - - [10/Oct/2024:10:00:15 +0000] "POST /login HTTP/1.1" 401
10.0.0.5 - - [10/Oct/2024:10:00:16 +0000] "POST /login HTTP/1.1" 401
10.0.0.5 - - [10/Oct/2024:10:00:17 +0000] "POST /login HTTP/1.1" 401
10.0.0.5 - - [10/Oct/2024:10:00:18 +0000] "POST /login HTTP/1.1" 401
10.0.0.5 - - [10/Oct/2024:10:00:19 +0000] "POST /login HTTP/1.1" 401
10.0.0.5 - - [10/Oct/2024:10:00:20 +0000] "POST /login HTTP/1.1" 401
10.0.0.5 - - [10/Oct/2024:10:00:21 +0000] "POST /login HTTP/1.1" 401
10.0.0.5 - - [10/Oct/2024:10:00:22 +0000] "POST /login HTTP/1.1" 401
10.0.0.5 - - [10/Oct/2024:10:00:23 +0000] "POST /login HTTP/1.1" 401
10.0.0.5 - - [10/Oct/2024:10:00:24 +0000] "POST /login HTTP/1.1" 401
10.0.0.5 - - [10/Oct/2024:10:00:25 +0000] "POST /login HTTP/1.1" 401
